<?xml version="1.0"?>
<link_info>
   <banner>TMS320C6x Linker PC v7.4.21</banner>
   <copyright>Copyright (c) 1996-2017 Texas Instruments Incorporated</copyright>
   <link_time>0x5a2e8e7b</link_time>
   <output_file>iir_LPHP.out</output_file>
   <entry_point>
      <name>_c_int00</name>
      <address>0x2540</address>
   </entry_point>
   <input_file_list>
      <input_file id="fl-2">
         <path>.\</path>
         <kind>object</kind>
         <file>get_started.obj</file>
         <name>get_started.obj</name>
      </input_file>
      <input_file id="fl-3">
         <path>.\</path>
         <kind>object</kind>
         <file>biquad.obj</file>
         <name>biquad.obj</name>
      </input_file>
      <input_file id="fl-4">
         <path>.\</path>
         <kind>object</kind>
         <file>DSK_vectors_AIC23.obj</file>
         <name>DSK_vectors_AIC23.obj</name>
      </input_file>
      <input_file id="fl-b">
         <path>C:\ti\ccsv5\tools\compiler\c6000_7.4.21\lib\</path>
         <kind>archive</kind>
         <file>csl6713.lib</file>
         <name>csl_irq.obj</name>
      </input_file>
      <input_file id="fl-c">
         <path>C:\ti\ccsv5\tools\compiler\c6000_7.4.21\lib\</path>
         <kind>archive</kind>
         <file>csl6713.lib</file>
         <name>csl_mcbsp.obj</name>
      </input_file>
      <input_file id="fl-d">
         <path>C:\ti\ccsv5\tools\compiler\c6000_7.4.21\lib\</path>
         <kind>archive</kind>
         <file>rts6700.lib</file>
         <name>boot.obj</name>
      </input_file>
      <input_file id="fl-e">
         <path>C:\ti\ccsv5\tools\compiler\c6000_7.4.21\lib\</path>
         <kind>archive</kind>
         <file>rts6700.lib</file>
         <name>exit.obj</name>
      </input_file>
      <input_file id="fl-f">
         <path>C:\ti\ccsv5\tools\compiler\c6000_7.4.21\lib\</path>
         <kind>archive</kind>
         <file>rts6700.lib</file>
         <name>_lock.obj</name>
      </input_file>
      <input_file id="fl-10">
         <path>C:\ti\ccsv5\tools\compiler\c6000_7.4.21\lib\</path>
         <kind>archive</kind>
         <file>rts6700.lib</file>
         <name>args_main.obj</name>
      </input_file>
      <input_file id="fl-11">
         <path>C:\ti\ccsv5\tools\compiler\c6000_7.4.21\lib\</path>
         <kind>archive</kind>
         <file>rts6700.lib</file>
         <name>autoinit.obj</name>
      </input_file>
      <input_file id="fl-12">
         <path>C:\ti\ccsv5\tools\compiler\c6000_7.4.21\lib\</path>
         <kind>archive</kind>
         <file>rts6700.lib</file>
         <name>memcpy62.obj</name>
      </input_file>
      <input_file id="fl-13">
         <path>C:\ti\ccsv5\tools\compiler\c6000_7.4.21\lib\</path>
         <kind>archive</kind>
         <file>dsk6713bsl.lib</file>
         <name>dsk6713.obj</name>
      </input_file>
      <input_file id="fl-14">
         <path>C:\ti\ccsv5\tools\compiler\c6000_7.4.21\lib\</path>
         <kind>archive</kind>
         <file>dsk6713bsl.lib</file>
         <name>dsk6713_aic23_opencodec.obj</name>
      </input_file>
      <input_file id="fl-15">
         <path>C:\ti\ccsv5\tools\compiler\c6000_7.4.21\lib\</path>
         <kind>archive</kind>
         <file>dsk6713bsl.lib</file>
         <name>dsk6713_aic23_registers.obj</name>
      </input_file>
      <input_file id="fl-16">
         <path>C:\ti\ccsv5\tools\compiler\c6000_7.4.21\lib\</path>
         <kind>archive</kind>
         <file>dsk6713bsl.lib</file>
         <name>dsk6713_aic23_setfreq.obj</name>
      </input_file>
      <input_file id="fl-8e">
         <path>C:\ti\ccsv5\tools\compiler\c6000_7.4.21\lib\</path>
         <kind>archive</kind>
         <file>rts6700.lib</file>
         <name>strasg.obj</name>
      </input_file>
   </input_file_list>
   <object_component_list>
      <object_component id="oc-19">
         <name>.vectors</name>
         <load_address>0x0</load_address>
         <run_address>0x0</run_address>
         <size>0x200</size>
         <input_file_ref idref="fl-4"/>
      </object_component>
      <object_component id="oc-11">
         <name>.text:retain</name>
         <load_address>0x220</load_address>
         <run_address>0x220</run_address>
         <size>0x7a0</size>
         <input_file_ref idref="fl-2"/>
      </object_component>
      <object_component id="oc-3b">
         <name>.text</name>
         <load_address>0x9c0</load_address>
         <run_address>0x9c0</run_address>
         <size>0x460</size>
         <input_file_ref idref="fl-13"/>
      </object_component>
      <object_component id="oc-59">
         <name>.text</name>
         <load_address>0xe20</load_address>
         <run_address>0xe20</run_address>
         <size>0x460</size>
         <input_file_ref idref="fl-2"/>
      </object_component>
      <object_component id="oc-3f">
         <name>.text</name>
         <load_address>0x1280</load_address>
         <run_address>0x1280</run_address>
         <size>0x300</size>
         <input_file_ref idref="fl-14"/>
      </object_component>
      <object_component id="oc-58">
         <name>.text:_memcpy</name>
         <load_address>0x1580</load_address>
         <run_address>0x1580</run_address>
         <size>0x240</size>
         <input_file_ref idref="fl-12"/>
      </object_component>
      <object_component id="oc-52">
         <name>.text</name>
         <load_address>0x17c0</load_address>
         <run_address>0x17c0</run_address>
         <size>0x200</size>
         <input_file_ref idref="fl-3"/>
      </object_component>
      <object_component id="oc-5f">
         <name>.text:_IRQ_map</name>
         <load_address>0x19c0</load_address>
         <run_address>0x19c0</run_address>
         <size>0x1a0</size>
         <input_file_ref idref="fl-b"/>
      </object_component>
      <object_component id="oc-5b">
         <name>.text:_MCBSP_reset</name>
         <load_address>0x1b60</load_address>
         <run_address>0x1b60</run_address>
         <size>0x180</size>
         <input_file_ref idref="fl-c"/>
      </object_component>
      <object_component id="oc-50">
         <name>.text:_exit</name>
         <load_address>0x1ce0</load_address>
         <run_address>0x1ce0</run_address>
         <size>0x140</size>
         <input_file_ref idref="fl-e"/>
      </object_component>
      <object_component id="oc-43">
         <name>.text</name>
         <load_address>0x1e20</load_address>
         <run_address>0x1e20</run_address>
         <size>0x140</size>
         <input_file_ref idref="fl-15"/>
      </object_component>
      <object_component id="oc-4e">
         <name>.text:__auto_init</name>
         <load_address>0x1f60</load_address>
         <run_address>0x1f60</run_address>
         <size>0x120</size>
         <input_file_ref idref="fl-11"/>
      </object_component>
      <object_component id="oc-57">
         <name>.text:_MCBSP_start</name>
         <load_address>0x2080</load_address>
         <run_address>0x2080</run_address>
         <size>0x100</size>
         <input_file_ref idref="fl-c"/>
      </object_component>
      <object_component id="oc-56">
         <name>.text:_MCBSP_open</name>
         <load_address>0x2180</load_address>
         <run_address>0x2180</run_address>
         <size>0xe0</size>
         <input_file_ref idref="fl-c"/>
      </object_component>
      <object_component id="oc-55">
         <name>.text:__strasg</name>
         <load_address>0x2260</load_address>
         <run_address>0x2260</run_address>
         <size>0xe0</size>
         <input_file_ref idref="fl-8e"/>
      </object_component>
      <object_component id="oc-47">
         <name>.text</name>
         <load_address>0x2340</load_address>
         <run_address>0x2340</run_address>
         <size>0xc0</size>
         <input_file_ref idref="fl-16"/>
      </object_component>
      <object_component id="oc-5d">
         <name>.text:_MCBSP_config</name>
         <load_address>0x2400</load_address>
         <run_address>0x2400</run_address>
         <size>0xa0</size>
         <input_file_ref idref="fl-c"/>
      </object_component>
      <object_component id="oc-65">
         <name>.text:_setMux</name>
         <load_address>0x24a0</load_address>
         <run_address>0x24a0</run_address>
         <size>0xa0</size>
         <input_file_ref idref="fl-b"/>
      </object_component>
      <object_component id="oc-d">
         <name>.text:_c_int00</name>
         <load_address>0x2540</load_address>
         <run_address>0x2540</run_address>
         <size>0x80</size>
         <input_file_ref idref="fl-d"/>
      </object_component>
      <object_component id="oc-63">
         <name>.text:_IRQ_enable</name>
         <load_address>0x25c0</load_address>
         <run_address>0x25c0</run_address>
         <size>0x40</size>
         <input_file_ref idref="fl-b"/>
      </object_component>
      <object_component id="oc-60">
         <name>.text:_IRQ_reset</name>
         <load_address>0x2600</load_address>
         <run_address>0x2600</run_address>
         <size>0x40</size>
         <input_file_ref idref="fl-b"/>
      </object_component>
      <object_component id="oc-4f">
         <name>.text:__args_main</name>
         <load_address>0x2640</load_address>
         <run_address>0x2640</run_address>
         <size>0x40</size>
         <input_file_ref idref="fl-10"/>
      </object_component>
      <object_component id="oc-5c">
         <name>.text:_IRQ_globalDisable</name>
         <load_address>0x2680</load_address>
         <run_address>0x2680</run_address>
         <size>0x20</size>
         <input_file_ref idref="fl-b"/>
      </object_component>
      <object_component id="oc-61">
         <name>.text:_IRQ_globalEnable</name>
         <load_address>0x26a0</load_address>
         <run_address>0x26a0</run_address>
         <size>0x20</size>
         <input_file_ref idref="fl-b"/>
      </object_component>
      <object_component id="oc-62">
         <name>.text:_IRQ_nmiEnable</name>
         <load_address>0x26c0</load_address>
         <run_address>0x26c0</run_address>
         <size>0x20</size>
         <input_file_ref idref="fl-b"/>
      </object_component>
      <object_component id="oc-64">
         <name>.text:_IRQ_set</name>
         <load_address>0x26e0</load_address>
         <run_address>0x26e0</run_address>
         <size>0x20</size>
         <input_file_ref idref="fl-b"/>
      </object_component>
      <object_component id="oc-5e">
         <name>.text:_MCBSP_getXmtEventId</name>
         <load_address>0x2700</load_address>
         <run_address>0x2700</run_address>
         <size>0x20</size>
         <input_file_ref idref="fl-c"/>
      </object_component>
      <object_component id="oc-51">
         <name>.text:_MCBSP_read</name>
         <load_address>0x2720</load_address>
         <run_address>0x2720</run_address>
         <size>0x20</size>
         <input_file_ref idref="fl-c"/>
      </object_component>
      <object_component id="oc-53">
         <name>.text:_MCBSP_write</name>
         <load_address>0x2740</load_address>
         <run_address>0x2740</run_address>
         <size>0x20</size>
         <input_file_ref idref="fl-c"/>
      </object_component>
      <object_component id="oc-54">
         <name>.text:__nop</name>
         <load_address>0x2760</load_address>
         <run_address>0x2760</run_address>
         <size>0x20</size>
         <input_file_ref idref="fl-f"/>
      </object_component>
      <object_component id="oc-5a">
         <name>.text:_abort</name>
         <load_address>0x2780</load_address>
         <run_address>0x2780</run_address>
         <size>0x20</size>
         <input_file_ref idref="fl-e"/>
      </object_component>
      <object_component id="oc-1d">
         <name>.text</name>
         <load_address>0x27a0</load_address>
         <run_address>0x27a0</run_address>
         <size>0x20</size>
         <input_file_ref idref="fl-b"/>
      </object_component>
      <object_component id="oc-f">
         <name>.cinit</name>
         <load_address>0x3e88</load_address>
         <run_address>0x3e88</run_address>
         <size>0x189</size>
         <input_file_ref idref="fl-2"/>
      </object_component>
      <object_component id="oc-1e">
         <name>.cinit</name>
         <load_address>0x4018</load_address>
         <run_address>0x4018</run_address>
         <size>0x12c</size>
         <input_file_ref idref="fl-b"/>
      </object_component>
      <object_component id="oc-21">
         <name>.cinit</name>
         <load_address>0x4148</load_address>
         <run_address>0x4148</run_address>
         <size>0x54</size>
         <input_file_ref idref="fl-c"/>
      </object_component>
      <object_component id="oc-44">
         <name>.cinit</name>
         <load_address>0x41a0</load_address>
         <run_address>0x41a0</run_address>
         <size>0x30</size>
         <input_file_ref idref="fl-15"/>
      </object_component>
      <object_component id="oc-29">
         <name>.cinit</name>
         <load_address>0x41d0</load_address>
         <run_address>0x41d0</run_address>
         <size>0x2c</size>
         <input_file_ref idref="fl-e"/>
      </object_component>
      <object_component id="oc-48">
         <name>.cinit</name>
         <load_address>0x4200</load_address>
         <run_address>0x4200</run_address>
         <size>0x28</size>
         <input_file_ref idref="fl-16"/>
      </object_component>
      <object_component id="oc-2e">
         <name>.cinit</name>
         <load_address>0x4228</load_address>
         <run_address>0x4228</run_address>
         <size>0x1c</size>
         <input_file_ref idref="fl-f"/>
      </object_component>
      <object_component id="oc-25">
         <name>.stack</name>
         <uninitialized>true</uninitialized>
         <run_address>0x3a88</run_address>
         <size>0x8</size>
         <input_file_ref idref="fl-d"/>
      </object_component>
      <object_component id="oc-7c">
         <name>.stack</name>
         <uninitialized>true</uninitialized>
         <run_address>0x3a88</run_address>
         <size>0x0</size>
      </object_component>
      <object_component id="oc-41">
         <name>.const</name>
         <load_address>0x424c</load_address>
         <run_address>0x424c</run_address>
         <size>0x40</size>
         <input_file_ref idref="fl-14"/>
      </object_component>
      <object_component id="oc-3d">
         <name>.const</name>
         <load_address>0x428c</load_address>
         <run_address>0x428c</run_address>
         <size>0x20</size>
         <input_file_ref idref="fl-13"/>
      </object_component>
      <object_component id="oc-10">
         <name>.far</name>
         <uninitialized>true</uninitialized>
         <run_address>0x27c0</run_address>
         <size>0x10b6</size>
         <input_file_ref idref="fl-2"/>
      </object_component>
      <object_component id="oc-1f">
         <name>.far</name>
         <uninitialized>true</uninitialized>
         <run_address>0x3878</run_address>
         <size>0xf4</size>
         <input_file_ref idref="fl-b"/>
      </object_component>
      <object_component id="oc-22">
         <name>.far</name>
         <uninitialized>true</uninitialized>
         <run_address>0x39f8</run_address>
         <size>0x38</size>
         <input_file_ref idref="fl-c"/>
      </object_component>
      <object_component id="oc-2a">
         <name>.far</name>
         <uninitialized>true</uninitialized>
         <run_address>0x396c</run_address>
         <size>0x8c</size>
         <input_file_ref idref="fl-e"/>
      </object_component>
      <object_component id="oc-2f">
         <name>.far</name>
         <uninitialized>true</uninitialized>
         <run_address>0x3a80</run_address>
         <size>0x8</size>
         <input_file_ref idref="fl-f"/>
      </object_component>
      <object_component id="oc-3c">
         <name>.far</name>
         <uninitialized>true</uninitialized>
         <run_address>0x3876</run_address>
         <size>0x2</size>
         <input_file_ref idref="fl-13"/>
      </object_component>
      <object_component id="oc-40">
         <name>.far</name>
         <uninitialized>true</uninitialized>
         <run_address>0x3a78</run_address>
         <size>0x8</size>
         <input_file_ref idref="fl-14"/>
      </object_component>
      <object_component id="oc-45">
         <name>.far</name>
         <uninitialized>true</uninitialized>
         <run_address>0x3a30</run_address>
         <size>0x28</size>
         <input_file_ref idref="fl-15"/>
      </object_component>
      <object_component id="oc-49">
         <name>.far</name>
         <uninitialized>true</uninitialized>
         <run_address>0x3a58</run_address>
         <size>0x20</size>
         <input_file_ref idref="fl-16"/>
      </object_component>
      <object_component id="oc-e">
         <name>.debug_info</name>
         <load_address>0x0</load_address>
         <run_address>0x0</run_address>
         <size>0x15ba</size>
         <input_file_ref idref="fl-2"/>
      </object_component>
      <object_component id="oc-15">
         <name>.debug_info</name>
         <load_address>0x15ba</load_address>
         <run_address>0x15ba</run_address>
         <size>0x760</size>
         <input_file_ref idref="fl-3"/>
      </object_component>
      <object_component id="oc-1a">
         <name>.debug_info</name>
         <load_address>0x1d1a</load_address>
         <run_address>0x1d1a</run_address>
         <size>0xc8</size>
         <input_file_ref idref="fl-4"/>
      </object_component>
      <object_component id="oc-24">
         <name>.debug_info</name>
         <load_address>0x1de2</load_address>
         <run_address>0x1de2</run_address>
         <size>0x727</size>
         <input_file_ref idref="fl-d"/>
      </object_component>
      <object_component id="oc-28">
         <name>.debug_info</name>
         <load_address>0x2509</load_address>
         <run_address>0x2509</run_address>
         <size>0x95d</size>
         <input_file_ref idref="fl-e"/>
      </object_component>
      <object_component id="oc-2d">
         <name>.debug_info</name>
         <load_address>0x2e66</load_address>
         <run_address>0x2e66</run_address>
         <size>0x626</size>
         <input_file_ref idref="fl-f"/>
      </object_component>
      <object_component id="oc-32">
         <name>.debug_info</name>
         <load_address>0x348c</load_address>
         <run_address>0x348c</run_address>
         <size>0x6aa</size>
         <input_file_ref idref="fl-10"/>
      </object_component>
      <object_component id="oc-35">
         <name>.debug_info</name>
         <load_address>0x3b36</load_address>
         <run_address>0x3b36</run_address>
         <size>0x7d7</size>
         <input_file_ref idref="fl-11"/>
      </object_component>
      <object_component id="oc-38">
         <name>.debug_info</name>
         <load_address>0x430d</load_address>
         <run_address>0x430d</run_address>
         <size>0x7a7</size>
         <input_file_ref idref="fl-12"/>
      </object_component>
      <object_component id="oc-4b">
         <name>.debug_info</name>
         <load_address>0x4ab4</load_address>
         <run_address>0x4ab4</run_address>
         <size>0xa8</size>
         <input_file_ref idref="fl-8e"/>
      </object_component>
      <object_component id="oc-7d">
         <name>.debug_info</name>
         <load_address>0x4b5c</load_address>
         <run_address>0x4b5c</run_address>
         <size>0x6e</size>
      </object_component>
      <object_component id="oc-12">
         <name>.debug_frame</name>
         <load_address>0x0</load_address>
         <run_address>0x0</run_address>
         <size>0x2da</size>
         <input_file_ref idref="fl-2"/>
      </object_component>
      <object_component id="oc-16">
         <name>.debug_frame</name>
         <load_address>0x2da</load_address>
         <run_address>0x2da</run_address>
         <size>0x275</size>
         <input_file_ref idref="fl-3"/>
      </object_component>
      <object_component id="oc-13">
         <name>.debug_line</name>
         <load_address>0x0</load_address>
         <run_address>0x0</run_address>
         <size>0x1c4</size>
         <input_file_ref idref="fl-2"/>
      </object_component>
      <object_component id="oc-17">
         <name>.debug_line</name>
         <load_address>0x1c4</load_address>
         <run_address>0x1c4</run_address>
         <size>0x5f</size>
         <input_file_ref idref="fl-3"/>
      </object_component>
      <object_component id="oc-1b">
         <name>.debug_line</name>
         <load_address>0x223</load_address>
         <run_address>0x223</run_address>
         <size>0xc2</size>
         <input_file_ref idref="fl-4"/>
      </object_component>
      <object_component id="oc-26">
         <name>.debug_line</name>
         <load_address>0x2e5</load_address>
         <run_address>0x2e5</run_address>
         <size>0x33</size>
         <input_file_ref idref="fl-d"/>
      </object_component>
      <object_component id="oc-2b">
         <name>.debug_line</name>
         <load_address>0x318</load_address>
         <run_address>0x318</run_address>
         <size>0x58</size>
         <input_file_ref idref="fl-e"/>
      </object_component>
      <object_component id="oc-30">
         <name>.debug_line</name>
         <load_address>0x370</load_address>
         <run_address>0x370</run_address>
         <size>0x36</size>
         <input_file_ref idref="fl-f"/>
      </object_component>
      <object_component id="oc-33">
         <name>.debug_line</name>
         <load_address>0x3a6</load_address>
         <run_address>0x3a6</run_address>
         <size>0x38</size>
         <input_file_ref idref="fl-10"/>
      </object_component>
      <object_component id="oc-36">
         <name>.debug_line</name>
         <load_address>0x3de</load_address>
         <run_address>0x3de</run_address>
         <size>0x48</size>
         <input_file_ref idref="fl-11"/>
      </object_component>
      <object_component id="oc-39">
         <name>.debug_line</name>
         <load_address>0x426</load_address>
         <run_address>0x426</run_address>
         <size>0x4c</size>
         <input_file_ref idref="fl-12"/>
      </object_component>
      <object_component id="oc-4c">
         <name>.debug_line</name>
         <load_address>0x472</load_address>
         <run_address>0x472</run_address>
         <size>0x48</size>
         <input_file_ref idref="fl-8e"/>
      </object_component>
      <object_component id="oc-14">
         <name>.debug_abbrev</name>
         <load_address>0x0</load_address>
         <run_address>0x0</run_address>
         <size>0x193</size>
         <input_file_ref idref="fl-2"/>
      </object_component>
      <object_component id="oc-18">
         <name>.debug_abbrev</name>
         <load_address>0x193</load_address>
         <run_address>0x193</run_address>
         <size>0x99</size>
         <input_file_ref idref="fl-3"/>
      </object_component>
      <object_component id="oc-1c">
         <name>.debug_abbrev</name>
         <load_address>0x22c</load_address>
         <run_address>0x22c</run_address>
         <size>0x21</size>
         <input_file_ref idref="fl-4"/>
      </object_component>
      <object_component id="oc-27">
         <name>.debug_abbrev</name>
         <load_address>0x24d</load_address>
         <run_address>0x24d</run_address>
         <size>0x111</size>
         <input_file_ref idref="fl-d"/>
      </object_component>
      <object_component id="oc-2c">
         <name>.debug_abbrev</name>
         <load_address>0x35e</load_address>
         <run_address>0x35e</run_address>
         <size>0x15c</size>
         <input_file_ref idref="fl-e"/>
      </object_component>
      <object_component id="oc-31">
         <name>.debug_abbrev</name>
         <load_address>0x4ba</load_address>
         <run_address>0x4ba</run_address>
         <size>0xaa</size>
         <input_file_ref idref="fl-f"/>
      </object_component>
      <object_component id="oc-34">
         <name>.debug_abbrev</name>
         <load_address>0x564</load_address>
         <run_address>0x564</run_address>
         <size>0xe9</size>
         <input_file_ref idref="fl-10"/>
      </object_component>
      <object_component id="oc-37">
         <name>.debug_abbrev</name>
         <load_address>0x64d</load_address>
         <run_address>0x64d</run_address>
         <size>0x11a</size>
         <input_file_ref idref="fl-11"/>
      </object_component>
      <object_component id="oc-3a">
         <name>.debug_abbrev</name>
         <load_address>0x767</load_address>
         <run_address>0x767</run_address>
         <size>0xdb</size>
         <input_file_ref idref="fl-12"/>
      </object_component>
      <object_component id="oc-4d">
         <name>.debug_abbrev</name>
         <load_address>0x842</load_address>
         <run_address>0x842</run_address>
         <size>0x38</size>
         <input_file_ref idref="fl-8e"/>
      </object_component>
      <object_component id="oc-7e">
         <name>.debug_abbrev</name>
         <load_address>0x87a</load_address>
         <run_address>0x87a</run_address>
         <size>0xd</size>
      </object_component>
      <object_component id="oc-20">
         <name>$BRID</name>
         <load_address>0x0</load_address>
         <run_address>0x0</run_address>
         <size>0x78</size>
         <input_file_ref idref="fl-b"/>
      </object_component>
      <object_component id="oc-23">
         <name>$BRID</name>
         <load_address>0x78</load_address>
         <run_address>0x78</run_address>
         <size>0x7c</size>
         <input_file_ref idref="fl-c"/>
      </object_component>
      <object_component id="oc-3e">
         <name>$BRID</name>
         <load_address>0xf4</load_address>
         <run_address>0xf4</run_address>
         <size>0x54</size>
         <input_file_ref idref="fl-13"/>
      </object_component>
      <object_component id="oc-42">
         <name>$BRID</name>
         <load_address>0x148</load_address>
         <run_address>0x148</run_address>
         <size>0x24</size>
         <input_file_ref idref="fl-14"/>
      </object_component>
      <object_component id="oc-46">
         <name>$BRID</name>
         <load_address>0x16c</load_address>
         <run_address>0x16c</run_address>
         <size>0x14</size>
         <input_file_ref idref="fl-15"/>
      </object_component>
      <object_component id="oc-4a">
         <name>$BRID</name>
         <load_address>0x180</load_address>
         <run_address>0x180</run_address>
         <size>0xc</size>
         <input_file_ref idref="fl-16"/>
      </object_component>
   </object_component_list>
   <logical_group_list>
      <logical_group id="lg-2">
         <name>.EXT_RAM</name>
         <run_address>0x0</run_address>
         <size>0x0</size>
         <contents>
         </contents>
      </logical_group>
      <logical_group id="lg-3">
         <name>.vectors</name>
         <load_address>0x0</load_address>
         <run_address>0x0</run_address>
         <size>0x200</size>
         <contents>
            <object_component_ref idref="oc-19"/>
         </contents>
      </logical_group>
      <logical_group id="lg-4">
         <name>.text</name>
         <load_address>0x220</load_address>
         <run_address>0x220</run_address>
         <size>0x25a0</size>
         <contents>
            <object_component_ref idref="oc-11"/>
            <object_component_ref idref="oc-3b"/>
            <object_component_ref idref="oc-59"/>
            <object_component_ref idref="oc-3f"/>
            <object_component_ref idref="oc-58"/>
            <object_component_ref idref="oc-52"/>
            <object_component_ref idref="oc-5f"/>
            <object_component_ref idref="oc-5b"/>
            <object_component_ref idref="oc-50"/>
            <object_component_ref idref="oc-43"/>
            <object_component_ref idref="oc-4e"/>
            <object_component_ref idref="oc-57"/>
            <object_component_ref idref="oc-56"/>
            <object_component_ref idref="oc-55"/>
            <object_component_ref idref="oc-47"/>
            <object_component_ref idref="oc-5d"/>
            <object_component_ref idref="oc-65"/>
            <object_component_ref idref="oc-d"/>
            <object_component_ref idref="oc-63"/>
            <object_component_ref idref="oc-60"/>
            <object_component_ref idref="oc-4f"/>
            <object_component_ref idref="oc-5c"/>
            <object_component_ref idref="oc-61"/>
            <object_component_ref idref="oc-62"/>
            <object_component_ref idref="oc-64"/>
            <object_component_ref idref="oc-5e"/>
            <object_component_ref idref="oc-51"/>
            <object_component_ref idref="oc-53"/>
            <object_component_ref idref="oc-54"/>
            <object_component_ref idref="oc-5a"/>
            <object_component_ref idref="oc-1d"/>
         </contents>
      </logical_group>
      <logical_group id="lg-5">
         <name>.bss</name>
         <run_address>0x220</run_address>
         <size>0x0</size>
         <contents>
         </contents>
      </logical_group>
      <logical_group id="lg-6">
         <name>.cinit</name>
         <load_address>0x3e88</load_address>
         <run_address>0x3e88</run_address>
         <size>0x3c4</size>
         <contents>
            <object_component_ref idref="oc-f"/>
            <object_component_ref idref="oc-1e"/>
            <object_component_ref idref="oc-21"/>
            <object_component_ref idref="oc-44"/>
            <object_component_ref idref="oc-29"/>
            <object_component_ref idref="oc-48"/>
            <object_component_ref idref="oc-2e"/>
         </contents>
      </logical_group>
      <logical_group id="lg-7">
         <name>.stack</name>
         <run_address>0x3a88</run_address>
         <size>0x400</size>
         <contents>
            <object_component_ref idref="oc-25"/>
            <object_component_ref idref="oc-7c"/>
         </contents>
      </logical_group>
      <logical_group id="lg-8">
         <name>.sysmem</name>
         <run_address>0x0</run_address>
         <size>0x0</size>
         <contents>
         </contents>
      </logical_group>
      <logical_group id="lg-9">
         <name>.const</name>
         <load_address>0x424c</load_address>
         <run_address>0x424c</run_address>
         <size>0x60</size>
         <contents>
            <object_component_ref idref="oc-41"/>
            <object_component_ref idref="oc-3d"/>
         </contents>
      </logical_group>
      <logical_group id="lg-a">
         <name>.switch</name>
         <run_address>0x0</run_address>
         <size>0x0</size>
         <contents>
         </contents>
      </logical_group>
      <logical_group id="lg-b">
         <name>.far</name>
         <run_address>0x27c0</run_address>
         <size>0x12c8</size>
         <contents>
            <object_component_ref idref="oc-10"/>
            <object_component_ref idref="oc-1f"/>
            <object_component_ref idref="oc-22"/>
            <object_component_ref idref="oc-2a"/>
            <object_component_ref idref="oc-2f"/>
            <object_component_ref idref="oc-3c"/>
            <object_component_ref idref="oc-40"/>
            <object_component_ref idref="oc-45"/>
            <object_component_ref idref="oc-49"/>
         </contents>
      </logical_group>
      <logical_group id="lg-c">
         <name>.cio</name>
         <run_address>0x0</run_address>
         <size>0x0</size>
         <contents>
         </contents>
      </logical_group>
      <logical_group id="lg-71">
         <name>.debug_info</name>
         <load_address>0x0</load_address>
         <run_address>0x0</run_address>
         <size>0x4bca</size>
         <contents>
            <object_component_ref idref="oc-e"/>
            <object_component_ref idref="oc-15"/>
            <object_component_ref idref="oc-1a"/>
            <object_component_ref idref="oc-24"/>
            <object_component_ref idref="oc-28"/>
            <object_component_ref idref="oc-2d"/>
            <object_component_ref idref="oc-32"/>
            <object_component_ref idref="oc-35"/>
            <object_component_ref idref="oc-38"/>
            <object_component_ref idref="oc-4b"/>
            <object_component_ref idref="oc-7d"/>
         </contents>
      </logical_group>
      <logical_group id="lg-73">
         <name>.debug_frame</name>
         <load_address>0x0</load_address>
         <run_address>0x0</run_address>
         <size>0x54f</size>
         <contents>
            <object_component_ref idref="oc-12"/>
            <object_component_ref idref="oc-16"/>
         </contents>
      </logical_group>
      <logical_group id="lg-75">
         <name>.debug_line</name>
         <load_address>0x0</load_address>
         <run_address>0x0</run_address>
         <size>0x4ba</size>
         <contents>
            <object_component_ref idref="oc-13"/>
            <object_component_ref idref="oc-17"/>
            <object_component_ref idref="oc-1b"/>
            <object_component_ref idref="oc-26"/>
            <object_component_ref idref="oc-2b"/>
            <object_component_ref idref="oc-30"/>
            <object_component_ref idref="oc-33"/>
            <object_component_ref idref="oc-36"/>
            <object_component_ref idref="oc-39"/>
            <object_component_ref idref="oc-4c"/>
         </contents>
      </logical_group>
      <logical_group id="lg-77">
         <name>.debug_abbrev</name>
         <load_address>0x0</load_address>
         <run_address>0x0</run_address>
         <size>0x887</size>
         <contents>
            <object_component_ref idref="oc-14"/>
            <object_component_ref idref="oc-18"/>
            <object_component_ref idref="oc-1c"/>
            <object_component_ref idref="oc-27"/>
            <object_component_ref idref="oc-2c"/>
            <object_component_ref idref="oc-31"/>
            <object_component_ref idref="oc-34"/>
            <object_component_ref idref="oc-37"/>
            <object_component_ref idref="oc-3a"/>
            <object_component_ref idref="oc-4d"/>
            <object_component_ref idref="oc-7e"/>
         </contents>
      </logical_group>
      <logical_group id="lg-79">
         <name>$BRID</name>
         <load_address>0x0</load_address>
         <run_address>0x0</run_address>
         <size>0x18c</size>
         <contents>
            <object_component_ref idref="oc-20"/>
            <object_component_ref idref="oc-23"/>
            <object_component_ref idref="oc-3e"/>
            <object_component_ref idref="oc-42"/>
            <object_component_ref idref="oc-46"/>
            <object_component_ref idref="oc-4a"/>
         </contents>
      </logical_group>
   </logical_group_list>
   <placement_map>
      <memory_area>
         <name>IVECS</name>
         <page_id>0x0</page_id>
         <origin>0x0</origin>
         <length>0x220</length>
         <used_space>0x200</used_space>
         <unused_space>0x20</unused_space>
         <attributes>RWIX</attributes>
         <usage_details>
            <allocated_space>
               <start_address>0x0</start_address>
               <size>0x200</size>
               <logical_group_ref idref="lg-3"/>
            </allocated_space>
            <available_space>
               <start_address>0x200</start_address>
               <size>0x20</size>
            </available_space>
         </usage_details>
      </memory_area>
      <memory_area>
         <name>IRAM</name>
         <page_id>0x0</page_id>
         <origin>0x220</origin>
         <length>0x2fde0</length>
         <used_space>0x408c</used_space>
         <unused_space>0x2bd54</unused_space>
         <attributes>RWIX</attributes>
         <usage_details>
            <allocated_space>
               <start_address>0x220</start_address>
               <size>0x0</size>
               <logical_group_ref idref="lg-5"/>
            </allocated_space>
            <allocated_space>
               <start_address>0x220</start_address>
               <size>0x25a0</size>
               <logical_group_ref idref="lg-4"/>
            </allocated_space>
            <allocated_space>
               <start_address>0x27c0</start_address>
               <size>0x12c8</size>
               <logical_group_ref idref="lg-b"/>
            </allocated_space>
            <allocated_space>
               <start_address>0x3a88</start_address>
               <size>0x400</size>
               <logical_group_ref idref="lg-7"/>
            </allocated_space>
            <allocated_space>
               <start_address>0x3e88</start_address>
               <size>0x3c4</size>
               <logical_group_ref idref="lg-6"/>
            </allocated_space>
            <allocated_space>
               <start_address>0x424c</start_address>
               <size>0x60</size>
               <logical_group_ref idref="lg-9"/>
            </allocated_space>
            <available_space>
               <start_address>0x42ac</start_address>
               <size>0x2bd54</size>
            </available_space>
         </usage_details>
      </memory_area>
      <memory_area>
         <name>SDRAM</name>
         <page_id>0x0</page_id>
         <origin>0x80000000</origin>
         <length>0x100000</length>
         <used_space>0x0</used_space>
         <unused_space>0x100000</unused_space>
         <attributes>RWIX</attributes>
         <usage_details>
         </usage_details>
      </memory_area>
      <memory_area>
         <name>FLASH</name>
         <page_id>0x0</page_id>
         <origin>0x90000000</origin>
         <length>0x20000</length>
         <used_space>0x0</used_space>
         <unused_space>0x20000</unused_space>
         <attributes>RWIX</attributes>
         <usage_details>
         </usage_details>
      </memory_area>
   </placement_map>
   <symbol_table>
      <symbol id="sm-0">
         <name>cinit</name>
         <value>0x3e88</value>
      </symbol>
      <symbol id="sm-1">
         <name>___cinit__</name>
         <value>0x3e88</value>
      </symbol>
      <symbol id="sm-2">
         <name>pinit</name>
         <value>0xffffffff</value>
      </symbol>
      <symbol id="sm-3">
         <name>___pinit__</name>
         <value>0xffffffff</value>
      </symbol>
      <symbol id="sm-4">
         <name>binit</name>
         <value>0xffffffff</value>
      </symbol>
      <symbol id="sm-5">
         <name>___binit__</name>
         <value>0xffffffff</value>
      </symbol>
      <symbol id="sm-6">
         <name>__STACK_SIZE</name>
         <value>0x400</value>
      </symbol>
      <symbol id="sm-7">
         <name>__STACK_END</name>
         <value>0x3e88</value>
      </symbol>
      <symbol id="sm-8">
         <name>___c_args__</name>
         <value>0xffffffff</value>
      </symbol>
      <symbol id="sm-9">
         <name>.text</name>
         <value>0x220</value>
      </symbol>
      <symbol id="sm-a">
         <name>___text__</name>
         <value>0x220</value>
      </symbol>
      <symbol id="sm-b">
         <name>etext</name>
         <value>0x27c0</value>
      </symbol>
      <symbol id="sm-c">
         <name>___etext__</name>
         <value>0x27c0</value>
      </symbol>
      <symbol id="sm-d">
         <name>.bss</name>
         <value>0x220</value>
      </symbol>
      <symbol id="sm-e">
         <name>___bss__</name>
         <value>0x220</value>
      </symbol>
      <symbol id="sm-f">
         <name>end</name>
         <value>0x220</value>
      </symbol>
      <symbol id="sm-10">
         <name>___end__</name>
         <value>0x220</value>
      </symbol>
      <symbol id="sm-11">
         <name>___TI_pprof_out_hndl</name>
         <value>0xffffffff</value>
      </symbol>
      <symbol id="sm-12">
         <name>___TI_prof_data_start</name>
         <value>0xffffffff</value>
      </symbol>
      <symbol id="sm-13">
         <name>___TI_prof_data_size</name>
         <value>0xffffffff</value>
      </symbol>
      <symbol id="sm-14">
         <name>$bss</name>
         <value>0x220</value>
      </symbol>
      <symbol id="sm-88">
         <name>_main</name>
         <value>0xe20</value>
         <object_component_ref idref="oc-59"/>
      </symbol>
      <symbol id="sm-89">
         <name>_denum_IIR_ellip_HP</name>
         <value>0x285c</value>
         <object_component_ref idref="oc-10"/>
      </symbol>
      <symbol id="sm-8a">
         <name>_intser_McBSP1</name>
         <value>0x220</value>
         <object_component_ref idref="oc-11"/>
      </symbol>
      <symbol id="sm-8b">
         <name>_W_ellip_LP</name>
         <value>0x3830</value>
         <object_component_ref idref="oc-10"/>
      </symbol>
      <symbol id="sm-8c">
         <name>_cascadeCounter</name>
         <value>0x3874</value>
         <object_component_ref idref="oc-10"/>
      </symbol>
      <symbol id="sm-8d">
         <name>_AIC23_data</name>
         <value>0x3814</value>
         <object_component_ref idref="oc-10"/>
      </symbol>
      <symbol id="sm-8e">
         <name>_W_ellip_HP</name>
         <value>0x3840</value>
         <object_component_ref idref="oc-10"/>
      </symbol>
      <symbol id="sm-8f">
         <name>_switch_filters</name>
         <value>0x3875</value>
         <object_component_ref idref="oc-10"/>
      </symbol>
      <symbol id="sm-90">
         <name>_config</name>
         <value>0x27e4</value>
         <object_component_ref idref="oc-10"/>
      </symbol>
      <symbol id="sm-91">
         <name>_output_RIGHT</name>
         <value>0x3872</value>
         <object_component_ref idref="oc-10"/>
      </symbol>
      <symbol id="sm-92">
         <name>_count_INT</name>
         <value>0x3810</value>
         <object_component_ref idref="oc-10"/>
      </symbol>
      <symbol id="sm-93">
         <name>_num_IIR_cheby1_LP</name>
         <value>0x2810</value>
         <object_component_ref idref="oc-10"/>
      </symbol>
      <symbol id="sm-94">
         <name>_inBuf_L</name>
         <value>0x2870</value>
         <object_component_ref idref="oc-10"/>
      </symbol>
      <symbol id="sm-95">
         <name>_inBuf_R</name>
         <value>0x3040</value>
         <object_component_ref idref="oc-10"/>
      </symbol>
      <symbol id="sm-96">
         <name>_output_LEFT</name>
         <value>0x3870</value>
         <object_component_ref idref="oc-10"/>
      </symbol>
      <symbol id="sm-97">
         <name>_num_IIR_ellip_LP</name>
         <value>0x2838</value>
         <object_component_ref idref="oc-10"/>
      </symbol>
      <symbol id="sm-98">
         <name>_W_ellip_LP_2T</name>
         <value>0x3850</value>
         <object_component_ref idref="oc-10"/>
      </symbol>
      <symbol id="sm-99">
         <name>_W_cheby1_LP</name>
         <value>0x3818</value>
         <object_component_ref idref="oc-10"/>
      </symbol>
      <symbol id="sm-9a">
         <name>_fs</name>
         <value>0x286c</value>
         <object_component_ref idref="oc-10"/>
      </symbol>
      <symbol id="sm-9b">
         <name>_num_IIR_ellip_HP</name>
         <value>0x2850</value>
         <object_component_ref idref="oc-10"/>
      </symbol>
      <symbol id="sm-9c">
         <name>_AIC_data</name>
         <value>0x27c0</value>
         <object_component_ref idref="oc-10"/>
      </symbol>
      <symbol id="sm-9d">
         <name>_hAIC23_handle</name>
         <value>0x280c</value>
         <object_component_ref idref="oc-10"/>
      </symbol>
      <symbol id="sm-9e">
         <name>_AIC23CfgData</name>
         <value>0x27c4</value>
         <object_component_ref idref="oc-10"/>
      </symbol>
      <symbol id="sm-9f">
         <name>_denum_IIR_cheby1_LP</name>
         <value>0x2824</value>
         <object_component_ref idref="oc-10"/>
      </symbol>
      <symbol id="sm-a0">
         <name>_denum_IIR_ellip_LP</name>
         <value>0x2844</value>
         <object_component_ref idref="oc-10"/>
      </symbol>
      <symbol id="sm-aa">
         <name>_biquad</name>
         <value>0x17c0</value>
         <object_component_ref idref="oc-52"/>
      </symbol>
      <symbol id="sm-ab">
         <name>_biquad_2T</name>
         <value>0x18a0</value>
         <object_component_ref idref="oc-52"/>
      </symbol>
      <symbol id="sm-b3">
         <name>INT8_V</name>
         <value>0x100</value>
         <object_component_ref idref="oc-19"/>
      </symbol>
      <symbol id="sm-b4">
         <name>INT15_V</name>
         <value>0x1e0</value>
         <object_component_ref idref="oc-19"/>
      </symbol>
      <symbol id="sm-b5">
         <name>RESET_V</name>
         <value>0x0</value>
         <object_component_ref idref="oc-19"/>
      </symbol>
      <symbol id="sm-b6">
         <name>INT4_V</name>
         <value>0x80</value>
         <object_component_ref idref="oc-19"/>
      </symbol>
      <symbol id="sm-b7">
         <name>INT10_V</name>
         <value>0x140</value>
         <object_component_ref idref="oc-19"/>
      </symbol>
      <symbol id="sm-b8">
         <name>INT7_V</name>
         <value>0xe0</value>
         <object_component_ref idref="oc-19"/>
      </symbol>
      <symbol id="sm-b9">
         <name>INT14_V</name>
         <value>0x1c0</value>
         <object_component_ref idref="oc-19"/>
      </symbol>
      <symbol id="sm-ba">
         <name>INT13_V</name>
         <value>0x1a0</value>
         <object_component_ref idref="oc-19"/>
      </symbol>
      <symbol id="sm-bb">
         <name>INT3_V</name>
         <value>0x60</value>
         <object_component_ref idref="oc-19"/>
      </symbol>
      <symbol id="sm-bc">
         <name>NMI_V</name>
         <value>0x20</value>
         <object_component_ref idref="oc-19"/>
      </symbol>
      <symbol id="sm-bd">
         <name>INT6_V</name>
         <value>0xc0</value>
         <object_component_ref idref="oc-19"/>
      </symbol>
      <symbol id="sm-be">
         <name>INT12_V</name>
         <value>0x180</value>
         <object_component_ref idref="oc-19"/>
      </symbol>
      <symbol id="sm-bf">
         <name>INT9_V</name>
         <value>0x120</value>
         <object_component_ref idref="oc-19"/>
      </symbol>
      <symbol id="sm-c0">
         <name>INT5_V</name>
         <value>0xa0</value>
         <object_component_ref idref="oc-19"/>
      </symbol>
      <symbol id="sm-c1">
         <name>AINT_V</name>
         <value>0x40</value>
         <object_component_ref idref="oc-19"/>
      </symbol>
      <symbol id="sm-c2">
         <name>INT11_V</name>
         <value>0x160</value>
         <object_component_ref idref="oc-19"/>
      </symbol>
      <symbol id="sm-dc">
         <name>__IRQ_eventTable</name>
         <value>0x38a0</value>
         <object_component_ref idref="oc-1f"/>
      </symbol>
      <symbol id="sm-dd">
         <name>_IRQ_nmiEnable</name>
         <value>0x26c0</value>
         <object_component_ref idref="oc-62"/>
      </symbol>
      <symbol id="sm-de">
         <name>_IRQ_reset</name>
         <value>0x2600</value>
         <object_component_ref idref="oc-60"/>
      </symbol>
      <symbol id="sm-df">
         <name>__IRQ_intTable</name>
         <value>0x3924</value>
         <object_component_ref idref="oc-1f"/>
      </symbol>
      <symbol id="sm-e0">
         <name>_IRQ_globalEnable</name>
         <value>0x26a0</value>
         <object_component_ref idref="oc-61"/>
      </symbol>
      <symbol id="sm-e1">
         <name>_IRQ_globalDisable</name>
         <value>0x2680</value>
         <object_component_ref idref="oc-5c"/>
      </symbol>
      <symbol id="sm-e2">
         <name>_IRQ_map</name>
         <value>0x19c0</value>
         <object_component_ref idref="oc-5f"/>
      </symbol>
      <symbol id="sm-e3">
         <name>_IRQ_set</name>
         <value>0x26e0</value>
         <object_component_ref idref="oc-64"/>
      </symbol>
      <symbol id="sm-e4">
         <name>_IRQ_enable</name>
         <value>0x25c0</value>
         <object_component_ref idref="oc-63"/>
      </symbol>
      <symbol id="sm-e5">
         <name>__IRQ_dispatchTable</name>
         <value>0x3964</value>
         <object_component_ref idref="oc-1f"/>
      </symbol>
      <symbol id="sm-e6">
         <name>__IRQ_hookFetchPacket</name>
         <value>0x27a0</value>
         <object_component_ref idref="oc-1d"/>
      </symbol>
      <symbol id="sm-fc">
         <name>_MCBSP_reset</name>
         <value>0x1b60</value>
         <object_component_ref idref="oc-5b"/>
      </symbol>
      <symbol id="sm-fd">
         <name>_MCBSP_read</name>
         <value>0x2720</value>
         <object_component_ref idref="oc-51"/>
      </symbol>
      <symbol id="sm-fe">
         <name>_MCBSP_getXmtEventId</name>
         <value>0x2700</value>
         <object_component_ref idref="oc-5e"/>
      </symbol>
      <symbol id="sm-ff">
         <name>_MCBSP_open</name>
         <value>0x2180</value>
         <object_component_ref idref="oc-56"/>
      </symbol>
      <symbol id="sm-100">
         <name>__MCBSP_hDev0</name>
         <value>0x3a28</value>
         <object_component_ref idref="oc-22"/>
      </symbol>
      <symbol id="sm-101">
         <name>__MCBSP_hDev1</name>
         <value>0x3a2c</value>
         <object_component_ref idref="oc-22"/>
      </symbol>
      <symbol id="sm-102">
         <name>_MCBSP_start</name>
         <value>0x2080</value>
         <object_component_ref idref="oc-57"/>
      </symbol>
      <symbol id="sm-103">
         <name>_MCBSP_config</name>
         <value>0x2400</value>
         <object_component_ref idref="oc-5d"/>
      </symbol>
      <symbol id="sm-104">
         <name>_MCBSP_write</name>
         <value>0x2740</value>
         <object_component_ref idref="oc-53"/>
      </symbol>
      <symbol id="sm-110">
         <name>_c_int00</name>
         <value>0x2540</value>
         <object_component_ref idref="oc-d"/>
      </symbol>
      <symbol id="sm-111">
         <name>__stack</name>
         <value>0x3a88</value>
         <object_component_ref idref="oc-25"/>
      </symbol>
      <symbol id="sm-121">
         <name>__dtors_ptr</name>
         <value>0x39f4</value>
         <object_component_ref idref="oc-2a"/>
      </symbol>
      <symbol id="sm-122">
         <name>__cleanup_ptr</name>
         <value>0x39f0</value>
         <object_component_ref idref="oc-2a"/>
      </symbol>
      <symbol id="sm-123">
         <name>_abort</name>
         <value>0x2780</value>
         <object_component_ref idref="oc-5a"/>
      </symbol>
      <symbol id="sm-124">
         <name>C$$EXIT</name>
         <value>0x2780</value>
         <object_component_ref idref="oc-5a"/>
      </symbol>
      <symbol id="sm-125">
         <name>_exit</name>
         <value>0x1ce0</value>
         <object_component_ref idref="oc-50"/>
      </symbol>
      <symbol id="sm-133">
         <name>__lock</name>
         <value>0x3a80</value>
         <object_component_ref idref="oc-2f"/>
      </symbol>
      <symbol id="sm-134">
         <name>__nop</name>
         <value>0x2760</value>
         <object_component_ref idref="oc-54"/>
      </symbol>
      <symbol id="sm-135">
         <name>__unlock</name>
         <value>0x3a84</value>
         <object_component_ref idref="oc-2f"/>
      </symbol>
      <symbol id="sm-13f">
         <name>__args_main</name>
         <value>0x2640</value>
         <object_component_ref idref="oc-4f"/>
      </symbol>
      <symbol id="sm-149">
         <name>__auto_init</name>
         <value>0x1f60</value>
         <object_component_ref idref="oc-4e"/>
      </symbol>
      <symbol id="sm-153">
         <name>_memcpy</name>
         <value>0x1580</value>
         <object_component_ref idref="oc-58"/>
      </symbol>
      <symbol id="sm-15d">
         <name>_DSK6713_init</name>
         <value>0x9f0</value>
         <object_component_ref idref="oc-3b"/>
      </symbol>
      <symbol id="sm-15e">
         <name>_DSK6713_version</name>
         <value>0x3876</value>
         <object_component_ref idref="oc-3c"/>
      </symbol>
      <symbol id="sm-15f">
         <name>_DSK6713_rget</name>
         <value>0xcf0</value>
         <object_component_ref idref="oc-3b"/>
      </symbol>
      <symbol id="sm-160">
         <name>_DSK6713_wait</name>
         <value>0xd18</value>
         <object_component_ref idref="oc-3b"/>
      </symbol>
      <symbol id="sm-161">
         <name>_DSK6713_rset</name>
         <value>0xd04</value>
         <object_component_ref idref="oc-3b"/>
      </symbol>
      <symbol id="sm-162">
         <name>_DSK6713_waitusec</name>
         <value>0xd6c</value>
         <object_component_ref idref="oc-3b"/>
      </symbol>
      <symbol id="sm-163">
         <name>_DSK6713_getVersion</name>
         <value>0xd98</value>
         <object_component_ref idref="oc-3b"/>
      </symbol>
      <symbol id="sm-16d">
         <name>_DSK6713_AIC23_codeccontrolhandle</name>
         <value>0x3a78</value>
         <object_component_ref idref="oc-40"/>
      </symbol>
      <symbol id="sm-16e">
         <name>_DSK6713_AIC23_codecdatahandle</name>
         <value>0x3a7c</value>
         <object_component_ref idref="oc-40"/>
      </symbol>
      <symbol id="sm-16f">
         <name>_DSK6713_AIC23_openCodec</name>
         <value>0x1280</value>
         <object_component_ref idref="oc-3f"/>
      </symbol>
      <symbol id="sm-179">
         <name>_DSK6713_AIC23_config</name>
         <value>0x1ee0</value>
         <object_component_ref idref="oc-43"/>
      </symbol>
      <symbol id="sm-17a">
         <name>_DSK6713_AIC23_rget</name>
         <value>0x1ebc</value>
         <object_component_ref idref="oc-43"/>
      </symbol>
      <symbol id="sm-17b">
         <name>_DSK6713_AIC23_rset</name>
         <value>0x1e20</value>
         <object_component_ref idref="oc-43"/>
      </symbol>
      <symbol id="sm-185">
         <name>_DSK6713_AIC23_setFreq</name>
         <value>0x2340</value>
         <object_component_ref idref="oc-47"/>
      </symbol>
      <symbol id="sm-18d">
         <name>__strasg</name>
         <value>0x2260</value>
         <object_component_ref idref="oc-55"/>
      </symbol>
   </symbol_table>
</link_info>
